<?xml version="1.0" encoding="utf-8"?><testsuites><testsuite name="pytest" errors="0" failures="0" skipped="0" tests="22" time="0.071" timestamp="2025-01-15T21:59:34.773000+01:00" hostname="MSI"><testcase classname="tests.api_tests.test_fastapi.Test_Fast_API_App" name="test_init" time="0.000" /><testcase classname="tests.api_tests.test_fastapi.Test_Fast_API_App" name="test_setup_routes" time="0.000" /><testcase classname="tests.api_tests.test_fastapi.Test_Fast_API_App" name="test_setup_cors" time="0.000" /><testcase classname="tests.api_tests.test_fastapi.Test_Fast_API_App" name="test_run" time="0.000" /><testcase classname="tests.app_tests.test_app.Test_Application" name="test_init" time="0.000" /><testcase classname="tests.app_tests.test_app.Test_Application" name="test_run_cycle" time="0.000" /><testcase classname="tests.app_tests.test_app.Test_Application" name="test_start" time="0.000" /><testcase classname="tests.controller_tests.test_data_communicator.Test_Data_Communicator" name="test_init" time="0.000" /><testcase classname="tests.controller_tests.test_data_communicator.Test_Data_Communicator" name="test_update_data" time="0.000" /><testcase classname="tests.controller_tests.test_data_communicator.Test_Data_Communicator" name="test_get_data" time="0.000" /><testcase classname="tests.controller_tests.test_input_controller.Test_Input_Controller" name="test_get_input" time="0.000" /><testcase classname="tests.processing_tests.test_dummy_image_processor.Test_Dummy_Image_Processor" name="test_init" time="0.000" /><testcase classname="tests.processing_tests.test_dummy_image_processor.Test_Dummy_Image_Processor" name="test_process_image" time="0.000" /><testcase classname="tests.processing_tests.test_image_processor.Test_Image_Processor" name="test_process_image" time="0.000" /><testcase classname="tests.processing_tests.test_opencv_image_processor.Test_OpenCV_Image_Processor" name="test_process_image" time="0.000" /><testcase classname="tests.processing_tests.test_parking_spot_detector.Test_Parking_Spot_Detector" name="test_detect_parking_spots" time="0.000" /><testcase classname="tests.processing_tests.test_tpu_image_processor.Test_TPU_Image_Processor" name="test_process_image" time="0.000" /><testcase classname="tests.scheduling_tests.test_scheduler.Test_Scheduler" name="test_init" time="0.000" /><testcase classname="tests.scheduling_tests.test_scheduler.Test_Scheduler" name="test_schedule_task" time="0.000" /><testcase classname="tests.scheduling_tests.test_scheduler.Test_Scheduler" name="test_run" time="0.000" /><testcase classname="tests.test_parking_spot_status.Test_Parking_Spot_Status" name="test_init" time="0.000" /><testcase classname="tests.test_parking_spot_status.Test_Parking_Spot_Status" name="test_to_dict" time="0.000" /></testsuite></testsuites>